-104.956557
-104.956652
-104.957000
-104.957443
-104.957969
-104.958477
-104.958396
-104.958722
-104.959317
-104.959665
-104.955714
-104.957756
-104.959473
-104.959933
-104.958767
-104.956608
-104.954538
-104.953627
-104.954344
-104.956378
-104.958718
