-104.956557
-104.956652
-104.957000
-104.957443
-104.957969
-104.958477
-104.958396
-104.958722
-104.959317
-104.959665
-104.959495
-104.958858
-104.958857
-104.958703
-104.958097
-104.957396
-104.956832
-104.956738
-104.956903
-104.957396
-104.957986
